#
# There is insufficient memory for the Java Runtime Environment to continue.
# Native memory allocation (mmap) failed to map 264241152 bytes. Error detail: G1 virtual space
# Possible reasons:
#   The system is out of physical RAM or swap space
#   This process is running with CompressedOops enabled, and the Java Heap may be blocking the growth of the native heap
# Possible solutions:
#   Reduce memory load on the system
#   Increase physical memory or swap space
#   Check if swap backing store is full
#   Decrease Java heap size (-Xmx/-Xms)
#   Decrease number of Java threads
#   Decrease Java thread stack sizes (-Xss)
#   Set larger code cache with -XX:ReservedCodeCacheSize=
#   JVM is running with Zero Based Compressed Oops mode in which the Java heap is
#     placed in the first 32GB address space. The Java Heap base address is the
#     maximum limit for the native heap growth. Please use -XX:HeapBaseMinAddress
#     to set the Java Heap base and to place the Java Heap above 32GB virtual address.
# This output file may be truncated or incomplete.
#
#  Out of Memory Error (os_windows.cpp:3710), pid=27440, tid=19752
#
# JRE version:  (17.0.14+7) (build )
# Java VM: OpenJDK 64-Bit Server VM (17.0.14+7-LTS, mixed mode, sharing, tiered, compressed oops, compressed class ptrs, g1 gc, windows-amd64)
# No core dump will be written. Minidumps are not enabled by default on client versions of Windows
#

---------------  S U M M A R Y ------------

Command Line: C:\Users\puram\AppData\Local\Temp\surefire8451661149758224760\surefirebooter-20260326221758421_3.jar C:\Users\puram\AppData\Local\Temp\surefire8451661149758224760 2026-03-26T22-17-53_423-jvmRun1 surefire-20260326221758421_1tmp surefire_0-20260326221758421_2tmp

Host: 12th Gen Intel(R) Core(TM) i5-12500H, 16 cores, 15G,  Windows 11 , 64 bit Build 26100 (10.0.26100.7523)
Time: Thu Mar 26 22:17:59 2026 India Standard Time elapsed time: 1.195710 seconds (0d 0h 0m 1s)

---------------  T H R E A D  ---------------

Current thread (0x0000019cd23f7070):  JavaThread "Unknown thread" [_thread_in_vm, id=19752, stack(0x0000009beb300000,0x0000009beb400000)]

Stack: [0x0000009beb300000,0x0000009beb400000]
Native frames: (J=compiled Java code, j=interpreted, Vv=VM code, C=native code)
V  [jvm.dll+0x6886b9]
V  [jvm.dll+0x83f6f8]
V  [jvm.dll+0x8411a3]
V  [jvm.dll+0x841813]
V  [jvm.dll+0x2495cf]
V  [jvm.dll+0x6855f9]
V  [jvm.dll+0x679a8a]
V  [jvm.dll+0x30afc7]
V  [jvm.dll+0x312536]
V  [jvm.dll+0x362eee]
V  [jvm.dll+0x36312d]
V  [jvm.dll+0x2e225c]
V  [jvm.dll+0x2e3174]
V  [jvm.dll+0x8115fb]
V  [jvm.dll+0x370c01]
V  [jvm.dll+0x7f00ef]
V  [jvm.dll+0x3f76ff]
V  [jvm.dll+0x3f9231]
C  [jli.dll+0x52a0]
C  [ucrtbase.dll+0x37b0]
C  [KERNEL32.DLL+0x2e8d7]
C  [ntdll.dll+0x8c3dc]


---------------  P R O C E S S  ---------------

Threads class SMR info:
_java_thread_list=0x00007fff28f6efd8, length=0, elements={
}

Java Threads: ( => current thread )

Other Threads:
  0x0000019cd24668d0 GCTaskThread "GC Thread#0" [stack: 0x0000009beb400000,0x0000009beb500000] [id=3456]
  0x0000019cd2477140 ConcurrentGCThread "G1 Main Marker" [stack: 0x0000009beb500000,0x0000009beb600000] [id=6400]
  0x0000019cd2477a70 ConcurrentGCThread "G1 Conc#0" [stack: 0x0000009beb600000,0x0000009beb700000] [id=14688]

[error occurred during error reporting (printing all threads), id 0xc0000005, EXCEPTION_ACCESS_VIOLATION (0xc0000005) at pc=0x00007fff28722db7]

VM state: not at safepoint (not fully initialized)

VM Mutex/Monitor currently owned by a thread:  ([mutex/lock_event])
[0x0000019cd23f35d0] Heap_lock - owner thread: 0x0000019cd23f7070

Heap address: 0x0000000705e00000, size: 4002 MB, Compressed Oops mode: Zero based, Oop shift amount: 3

CDS archive(s) mapped at: [0x0000000000000000-0x0000000000000000-0x0000000000000000), size 0, SharedBaseAddress: 0x0000000800000000, ArchiveRelocationMode: 1.
Narrow klass base: 0x0000000000000000, Narrow klass shift: 0, Narrow klass range: 0x0

GC Precious Log:
<Empty>

Heap:
 garbage-first heap   total 0K, used 0K [0x0000000705e00000, 0x0000000800000000)
  region size 2048K, 0 young (0K), 0 survivors (0K)

[error occurred during error reporting (printing heap information), id 0xc0000005, EXCEPTION_ACCESS_VIOLATION (0xc0000005) at pc=0x00007fff28b122e9]

GC Heap History (0 events):
No events

Dll operation events (1 events):
Event: 0.013 Loaded shared library G:\gangadhar\java\bin\java.dll

Deoptimization events (0 events):
No events

Classes loaded (0 events):
No events

Classes unloaded (0 events):
No events

Classes redefined (0 events):
No events

Internal exceptions (0 events):
No events

VM Operations (0 events):
No events

Memory protections (0 events):
No events

Nmethod flushes (0 events):
No events

Events (0 events):
No events


Dynamic libraries:
0x00007ff7f7bd0000 - 0x00007ff7f7bde000 	G:\gangadhar\java\bin\java.exe
0x00007fffbdce0000 - 0x00007fffbdf47000 	C:\WINDOWS\SYSTEM32\ntdll.dll
0x00007fffbc120000 - 0x00007fffbc1e9000 	C:\WINDOWS\System32\KERNEL32.DLL
0x00007fffbb490000 - 0x00007fffbb881000 	C:\WINDOWS\System32\KERNELBASE.dll
0x00007fffba730000 - 0x00007fffba87b000 	C:\WINDOWS\System32\ucrtbase.dll
0x00007fffb6610000 - 0x00007fffb6627000 	G:\gangadhar\java\bin\jli.dll
0x00007fffb5910000 - 0x00007fffb592d000 	G:\gangadhar\java\bin\VCRUNTIME140.dll
0x00007fffbda10000 - 0x00007fffbdbd5000 	C:\WINDOWS\System32\USER32.dll
0x00007fffbba50000 - 0x00007fffbba77000 	C:\WINDOWS\System32\win32u.dll
0x00007fffa3d40000 - 0x00007fffa3fd3000 	C:\WINDOWS\WinSxS\amd64_microsoft.windows.common-controls_6595b64144ccf1df_6.0.26100.7344_none_3e0a71fae332857b\COMCTL32.dll
0x00007fffbd8d0000 - 0x00007fffbd8fb000 	C:\WINDOWS\System32\GDI32.dll
0x00007fffbbb10000 - 0x00007fffbbbb9000 	C:\WINDOWS\System32\msvcrt.dll
0x00007fffbb890000 - 0x00007fffbb9bb000 	C:\WINDOWS\System32\gdi32full.dll
0x00007fffba880000 - 0x00007fffba923000 	C:\WINDOWS\System32\msvcp_win.dll
0x00007fffbcb40000 - 0x00007fffbcb71000 	C:\WINDOWS\System32\IMM32.DLL
0x00007fffb7180000 - 0x00007fffb718c000 	G:\gangadhar\java\bin\vcruntime140_1.dll
0x00007fff86d60000 - 0x00007fff86ded000 	G:\gangadhar\java\bin\msvcp140.dll
0x00007fff28430000 - 0x00007fff290a2000 	G:\gangadhar\java\bin\server\jvm.dll
0x00007fffbbbc0000 - 0x00007fffbbc74000 	C:\WINDOWS\System32\ADVAPI32.dll
0x00007fffbc570000 - 0x00007fffbc616000 	C:\WINDOWS\System32\sechost.dll
0x00007fffbc3d0000 - 0x00007fffbc4e8000 	C:\WINDOWS\System32\RPCRT4.dll
0x00007fffbcd60000 - 0x00007fffbcdd4000 	C:\WINDOWS\System32\WS2_32.dll
0x00007fffb2b20000 - 0x00007fffb2b55000 	C:\WINDOWS\SYSTEM32\WINMM.dll
0x00007fffba420000 - 0x00007fffba47e000 	C:\WINDOWS\SYSTEM32\POWRPROF.dll
0x00007fffaa890000 - 0x00007fffaa89b000 	C:\WINDOWS\SYSTEM32\VERSION.dll
0x00007fffba400000 - 0x00007fffba414000 	C:\WINDOWS\SYSTEM32\UMPDC.dll
0x00007fffb92d0000 - 0x00007fffb92eb000 	C:\WINDOWS\SYSTEM32\kernel.appcore.dll
0x00007fffb7150000 - 0x00007fffb715a000 	G:\gangadhar\java\bin\jimage.dll
0x00007fffb84f0000 - 0x00007fffb8732000 	C:\WINDOWS\SYSTEM32\DBGHELP.DLL
0x00007fffbbc80000 - 0x00007fffbc006000 	C:\WINDOWS\System32\combase.dll
0x00007fffbcc80000 - 0x00007fffbcd57000 	C:\WINDOWS\System32\OLEAUT32.dll
0x00007fffa2ed0000 - 0x00007fffa2f0b000 	C:\WINDOWS\SYSTEM32\dbgcore.DLL
0x00007fffba5c0000 - 0x00007fffba665000 	C:\WINDOWS\System32\bcryptPrimitives.dll
0x00007fffaaaa0000 - 0x00007fffaaac5000 	G:\gangadhar\java\bin\java.dll

dbghelp: loaded successfully - version: 4.0.5 - missing functions: none
symbol engine: initialized successfully - sym options: 0x614 - pdb path: .;G:\gangadhar\java\bin;C:\WINDOWS\SYSTEM32;C:\WINDOWS\WinSxS\amd64_microsoft.windows.common-controls_6595b64144ccf1df_6.0.26100.7344_none_3e0a71fae332857b;G:\gangadhar\java\bin\server

VM Arguments:
java_command: C:\Users\puram\AppData\Local\Temp\surefire8451661149758224760\surefirebooter-20260326221758421_3.jar C:\Users\puram\AppData\Local\Temp\surefire8451661149758224760 2026-03-26T22-17-53_423-jvmRun1 surefire-20260326221758421_1tmp surefire_0-20260326221758421_2tmp
java_class_path (initial): C:\Users\puram\AppData\Local\Temp\surefire8451661149758224760\surefirebooter-20260326221758421_3.jar
Launcher Type: SUN_STANDARD

[Global flags]
     intx CICompilerCount                          = 12                                        {product} {ergonomic}
     uint ConcGCThreads                            = 3                                         {product} {ergonomic}
     uint G1ConcRefinementThreads                  = 13                                        {product} {ergonomic}
   size_t G1HeapRegionSize                         = 2097152                                   {product} {ergonomic}
    uintx GCDrainStackTargetSize                   = 64                                        {product} {ergonomic}
   size_t InitialHeapSize                          = 264241152                                 {product} {ergonomic}
   size_t MarkStackSize                            = 4194304                                   {product} {ergonomic}
   size_t MaxHeapSize                              = 4196401152                                {product} {ergonomic}
   size_t MinHeapDeltaBytes                        = 2097152                                   {product} {ergonomic}
   size_t MinHeapSize                              = 8388608                                   {product} {ergonomic}
    uintx NonNMethodCodeHeapSize                   = 7602480                                {pd product} {ergonomic}
    uintx NonProfiledCodeHeapSize                  = 122027880                              {pd product} {ergonomic}
    uintx ProfiledCodeHeapSize                     = 122027880                              {pd product} {ergonomic}
    uintx ReservedCodeCacheSize                    = 251658240                              {pd product} {ergonomic}
     bool SegmentedCodeCache                       = true                                      {product} {ergonomic}
   size_t SoftMaxHeapSize                          = 4196401152                             {manageable} {ergonomic}
     bool UseCompressedClassPointers               = true                           {product lp64_product} {ergonomic}
     bool UseCompressedOops                        = true                           {product lp64_product} {ergonomic}
     bool UseG1GC                                  = true                                      {product} {ergonomic}
     bool UseLargePagesIndividualAllocation        = false                                  {pd product} {ergonomic}

Logging:
Log output configuration:
 #0: stdout all=warning uptime,level,tags
 #1: stderr all=off uptime,level,tags

Environment Variables:
JAVA_HOME=C:\Program Files\Java\jdk-17
PATH=C:\Program Files\Java\jdk-17\bin;c:\Users\puram\AppData\Local\Programs\cursor\resources\app\bin;C:\WINDOWS\system32;C:\WINDOWS;C:\WINDOWS\System32\Wbem;C:\WINDOWS\System32\WindowsPowerShell\v1.0\;C:\WINDOWS\System32\OpenSSH\;C:\Users\puram\AppData\Local\Programs\Python\Launcher\;C:\Program Files\dotnet\;C:\Program Files\MySQL\MySQL Server 8.0\bin;C:\Users\puram\AppData\Local\Programs\Python\Python313;C:\Users\puram\AppData\Local\Programs\Python\Python311;C:\Program Files\MongoDB\Server\8.0\bin;C:\Users\puram\AppData\Local\Programs\Python\Python310;C:\Users\puram\AppData\Roaming\Python\Python311\Scripts;C:\Program Files\nodejs\;C:\Program Files\MySQL\MySQL Shell 8.0\bin\;C:\Users\puram\anaconda3;C:\Users\puram\anaconda3\Library\mingw-w64\bin;C:\Users\puram\anaconda3\Library\usr\bin;C:\Users\puram\anaconda3\Library;C:\WINDOWS\system32;C:\WINDOWS;C:\WINDOWS\System32\Wbem;C:\WINDOWS\System32\WindowsPowerShell\v1.0\;C:\WINDOWS\System32\OpenSSH\;C:\Users\puram\AppData\Local\Programs\mongosh\;C:\Program Files\Docker\Docker\resources\bin;C:\Program Files\cursor\resources\app\bin;C:\Program Files\Amazon\AWSCLIV2\;C:\Program Files\Git\bin;C:\Program Files\Maven\bin;C:\Users\puram\AppData\Local\Programs\Python\Python310\Scripts\;C:\Users\puram\AppData\Local\Programs\Python\Python310\;C:\Users\puram\AppData\Local\Programs\Python\Launcher\;C:\Users\puram\AppData\Local\Microsoft\WindowsApps;C:\Users\puram\AppData\Local\Programs\Microsoft VS Code\bin;C:\Users\puram\mongosh-2.3.4-win32-x64\bin;C:\Users\puram\AppData\Roaming\npm;C:\Users\puram\AppData\Local\Programs\cursor\resources\app\bin;C:\Users\puram\AppData\Local\Programs\mongosh\;G:\kafka_2.13-4.1.1\bin;C:\Users\puram\AppData\Local\Python\bin
USERNAME=puram
OS=Windows_NT
PROCESSOR_IDENTIFIER=Intel64 Family 6 Model 154 Stepping 3, GenuineIntel
TMP=C:\Users\puram\AppData\Local\Temp
TEMP=C:\Users\puram\AppData\Local\Temp



Periodic native trim disabled


---------------  S Y S T E M  ---------------

OS:
 Windows 11 , 64 bit Build 26100 (10.0.26100.7523)
OS uptime: 1 days 4:54 hours
Hyper-V role detected

CPU: total 16 (initial active 16) (8 cores per cpu, 2 threads per core) family 6 model 154 stepping 3 microcode 0x432, cx8, cmov, fxsr, ht, mmx, 3dnowpref, sse, sse2, sse3, ssse3, sse4.1, sse4.2, popcnt, lzcnt, tsc, tscinvbit, avx, avx2, aes, erms, clmul, bmi1, bmi2, adx, sha, fma, vzeroupper, clflush, clflushopt, clwb, hv
Processor Information for processor 0
  Max Mhz: 2500, Current Mhz: 1532, Mhz Limit: 2500
Processor Information for processor 1
  Max Mhz: 2500, Current Mhz: 2500, Mhz Limit: 2500
Processor Information for processor 2
  Max Mhz: 2500, Current Mhz: 2500, Mhz Limit: 2500
Processor Information for processor 3
  Max Mhz: 2500, Current Mhz: 2500, Mhz Limit: 2500
Processor Information for processor 4
  Max Mhz: 2500, Current Mhz: 2500, Mhz Limit: 2500
Processor Information for processor 5
  Max Mhz: 2500, Current Mhz: 2500, Mhz Limit: 2500
Processor Information for processor 6
  Max Mhz: 2500, Current Mhz: 2500, Mhz Limit: 2500
Processor Information for processor 7
  Max Mhz: 2500, Current Mhz: 2500, Mhz Limit: 2500
Processor Information for processor 8
  Max Mhz: 2500, Current Mhz: 1800, Mhz Limit: 1800
Processor Information for processor 9
  Max Mhz: 2500, Current Mhz: 1800, Mhz Limit: 1800
Processor Information for processor 10
  Max Mhz: 2500, Current Mhz: 1800, Mhz Limit: 1800
Processor Information for processor 11
  Max Mhz: 2500, Current Mhz: 1800, Mhz Limit: 1800
Processor Information for processor 12
  Max Mhz: 2500, Current Mhz: 1800, Mhz Limit: 1800
Processor Information for processor 13
  Max Mhz: 2500, Current Mhz: 1800, Mhz Limit: 1800
Processor Information for processor 14
  Max Mhz: 2500, Current Mhz: 1800, Mhz Limit: 1800
Processor Information for processor 15
  Max Mhz: 2500, Current Mhz: 1800, Mhz Limit: 1800

Memory: 4k page, system-wide physical 16004M (2539M free)
TotalPageFile size 20100M (AvailPageFile size 179M)
current process WorkingSet (physical memory assigned to process): 13M, peak: 13M
current process commit charge ("private bytes"): 71M, peak: 322M

vm_info: OpenJDK 64-Bit Server VM (17.0.14+7-LTS) for windows-amd64 JRE (17.0.14+7-LTS), built on Jan  8 2025 23:39:28 by "MicrosoftCorporation" with unknown MS VC++:1939

END.
